// Jest Snapshot v1, https://goo.gl/fbAQLP

exports[`Form component renders Form 1`] = `
<div
  className="Form"
>
  <div
    className="history"
  >
    <History
      history={Array []}
    />
  </div>
  <form
    onSubmit={[Function]}
  >
    <input
      className="urlInput"
      name="url"
      onChange={[Function]}
      type="text"
      value=""
    />
    <div>
      <label>
        <input
          className="radio"
          name="method"
          onChange={[Function]}
          type="radio"
          value="GET"
        />
        GET
      </label>
      <label>
        <input
          className="radio"
          name="method"
          onChange={[Function]}
          type="radio"
          value="PUT"
        />
        PUT
      </label>
      <label>
        <input
          className="radio"
          name="method"
          onChange={[Function]}
          type="radio"
          value="POST"
        />
        POST
      </label>
      <label>
        <input
          className="radio"
          name="method"
          onChange={[Function]}
          type="radio"
          value="PATCH"
        />
        PATCH
      </label>
      <label>
        <input
          className="radio"
          name="method"
          onChange={[Function]}
          type="radio"
          value="DELETE"
        />
        DELETE
      </label>
      <button>
        Go!
      </button>
    </div>
    <textarea
      cols="30"
      name="jsonInput"
      onChange={[Function]}
      rows="10"
      value=""
    />
    <Results
      results={Array []}
    />
  </form>
</div>
`;
