// Jest Snapshot v1, https://goo.gl/fbAQLP

exports[`HistoryItem component renders HistoryItem 1`] = `
<Fragment>
  <p />
  <p />
</Fragment>
`;
