// Jest Snapshot v1, https://goo.gl/fbAQLP

exports[`Resty component renders Resty 1`] = `
<Fragment>
  <Header />
  <Form />
  <Results />
  <Footer />
</Fragment>
`;
